------------------------------------------------------------
TimeQuest Timing Analyzer Summary
------------------------------------------------------------

Type  : Slow Model Setup 'C|altpll_0|sd1|pll|clk[0]'
Slack : -52.256
TNS   : -2106.631

Type  : Slow Model Setup 'SYNC:C1|ps2_keyboard:INST1|ps2_code_new'
Slack : -2.016
TNS   : -2.016

Type  : Slow Model Setup 'SYNC:C1|ps2_keyboard:INST1|debounce:debounce_ps2_clk|result'
Slack : -0.114
TNS   : -0.305

Type  : Slow Model Hold 'SYNC:C1|ps2_keyboard:INST1|debounce:debounce_ps2_clk|result'
Slack : -2.456
TNS   : -2.456

Type  : Slow Model Hold 'C|altpll_0|sd1|pll|clk[0]'
Slack : 0.085
TNS   : 0.000

Type  : Slow Model Hold 'SYNC:C1|ps2_keyboard:INST1|ps2_code_new'
Slack : 0.261
TNS   : 0.000

Type  : Slow Model Minimum Pulse Width 'SYNC:C1|ps2_keyboard:INST1|debounce:debounce_ps2_clk|result'
Slack : -0.611
TNS   : -13.442

Type  : Slow Model Minimum Pulse Width 'SYNC:C1|ps2_keyboard:INST1|ps2_code_new'
Slack : 0.500
TNS   : 0.000

Type  : Slow Model Minimum Pulse Width 'C|altpll_0|sd1|pll|clk[0]'
Slack : 3.518
TNS   : 0.000

Type  : Slow Model Minimum Pulse Width 'CLOCK_24[0]'
Slack : 20.833
TNS   : 0.000

Type  : Fast Model Setup 'C|altpll_0|sd1|pll|clk[0]'
Slack : -13.111
TNS   : -325.863

Type  : Fast Model Setup 'SYNC:C1|ps2_keyboard:INST1|ps2_code_new'
Slack : -0.444
TNS   : -0.444

Type  : Fast Model Setup 'SYNC:C1|ps2_keyboard:INST1|debounce:debounce_ps2_clk|result'
Slack : 0.540
TNS   : 0.000

Type  : Fast Model Hold 'SYNC:C1|ps2_keyboard:INST1|debounce:debounce_ps2_clk|result'
Slack : -1.829
TNS   : -1.829

Type  : Fast Model Hold 'SYNC:C1|ps2_keyboard:INST1|ps2_code_new'
Slack : -0.176
TNS   : -0.176

Type  : Fast Model Hold 'C|altpll_0|sd1|pll|clk[0]'
Slack : 0.215
TNS   : 0.000

Type  : Fast Model Minimum Pulse Width 'SYNC:C1|ps2_keyboard:INST1|debounce:debounce_ps2_clk|result'
Slack : -0.500
TNS   : -11.000

Type  : Fast Model Minimum Pulse Width 'SYNC:C1|ps2_keyboard:INST1|ps2_code_new'
Slack : 0.500
TNS   : 0.000

Type  : Fast Model Minimum Pulse Width 'C|altpll_0|sd1|pll|clk[0]'
Slack : 3.629
TNS   : 0.000

Type  : Fast Model Minimum Pulse Width 'CLOCK_24[0]'
Slack : 20.833
TNS   : 0.000

------------------------------------------------------------
