------------------------------------------------------------
TimeQuest Timing Analyzer Summary
------------------------------------------------------------

Type  : Slow Model Setup 'C|altpll_0|sd1|pll|clk[0]'
Slack : -36.744
TNS   : -1126.988

Type  : Slow Model Setup 'SYNC:C1|ps2_keyboard:INST1|ps2_code_new'
Slack : -2.175
TNS   : -2.175

Type  : Slow Model Setup 'SYNC:C1|ps2_keyboard:INST1|debounce:debounce_ps2_clk|result'
Slack : -0.250
TNS   : -0.650

Type  : Slow Model Hold 'SYNC:C1|ps2_keyboard:INST1|debounce:debounce_ps2_clk|result'
Slack : -1.442
TNS   : -1.442

Type  : Slow Model Hold 'C|altpll_0|sd1|pll|clk[0]'
Slack : 0.081
TNS   : 0.000

Type  : Slow Model Hold 'SYNC:C1|ps2_keyboard:INST1|ps2_code_new'
Slack : 0.447
TNS   : 0.000

Type  : Slow Model Minimum Pulse Width 'SYNC:C1|ps2_keyboard:INST1|debounce:debounce_ps2_clk|result'
Slack : -0.611
TNS   : -13.442

Type  : Slow Model Minimum Pulse Width 'SYNC:C1|ps2_keyboard:INST1|ps2_code_new'
Slack : 0.500
TNS   : 0.000

Type  : Slow Model Minimum Pulse Width 'C|altpll_0|sd1|pll|clk[0]'
Slack : 3.518
TNS   : 0.000

Type  : Slow Model Minimum Pulse Width 'CLOCK_24[0]'
Slack : 20.833
TNS   : 0.000

Type  : Fast Model Setup 'C|altpll_0|sd1|pll|clk[0]'
Slack : -7.696
TNS   : -157.413

Type  : Fast Model Setup 'SYNC:C1|ps2_keyboard:INST1|ps2_code_new'
Slack : -0.500
TNS   : -0.500

Type  : Fast Model Setup 'SYNC:C1|ps2_keyboard:INST1|debounce:debounce_ps2_clk|result'
Slack : 0.468
TNS   : 0.000

Type  : Fast Model Hold 'SYNC:C1|ps2_keyboard:INST1|debounce:debounce_ps2_clk|result'
Slack : -1.427
TNS   : -1.427

Type  : Fast Model Hold 'SYNC:C1|ps2_keyboard:INST1|ps2_code_new'
Slack : -0.107
TNS   : -0.107

Type  : Fast Model Hold 'C|altpll_0|sd1|pll|clk[0]'
Slack : 0.215
TNS   : 0.000

Type  : Fast Model Minimum Pulse Width 'SYNC:C1|ps2_keyboard:INST1|debounce:debounce_ps2_clk|result'
Slack : -0.500
TNS   : -11.000

Type  : Fast Model Minimum Pulse Width 'SYNC:C1|ps2_keyboard:INST1|ps2_code_new'
Slack : 0.500
TNS   : 0.000

Type  : Fast Model Minimum Pulse Width 'C|altpll_0|sd1|pll|clk[0]'
Slack : 3.629
TNS   : 0.000

Type  : Fast Model Minimum Pulse Width 'CLOCK_24[0]'
Slack : 20.833
TNS   : 0.000

------------------------------------------------------------
